// Vitest Snapshot v1, https://vitest.dev/guide/snapshot.html

exports[`Analyze Bundle Size > bundle size snapshots > e7a375265d7bbc05627f6431e3306dc1a25a91f0.client 1`] = `436139`;

exports[`Analyze Bundle Size > bundle size snapshots > e7a375265d7bbc05627f6431e3306dc1a25a91f0.nitro 1`] = `3917094`;
